<html>
<body>
<pre>
<h1>µVision Build Log</h1>
<h2>Tool Versions:</h2>
IDE-Version: µVision V5.25.2.0
Copyright (C) 2018 ARM Ltd and ARM Germany GmbH. All rights reserved.
License Information: andre rodrigues, rosant42, LIC=----
 
Tool Versions:
Toolchain:       MDK-Lite  Version: 5.25.2.0
Toolchain Path:  C:\Keil_v5\ARM\ARMCC\Bin
C Compiler:      Armcc.exe V5.06 update 6 (build 750)
Assembler:       Armasm.exe V5.06 update 6 (build 750)
Linker/Locator:  ArmLink.exe V5.06 update 6 (build 750)
Library Manager: ArmAr.exe V5.06 update 6 (build 750)
Hex Converter:   FromElf.exe V5.06 update 6 (build 750)
CPU DLL:         SARMCM3.DLL V5.25.2.0
Dialog DLL:      DCM.DLL V1.17.1.0
Target DLL:      lmidk-agdi.dll V???
Dialog DLL:      TCM.DLL V1.35.1.0
 
<h2>Project:</h2>
C:\Users\dreew\OneDrive\Área de Trabalho\MotorDC\MotorDC.uvprojx
Project File Date:  11/21/2018

<h2>Output:</h2>
*** Using Compiler 'V5.06 update 6 (build 750)', folder: 'C:\Keil_v5\ARM\ARMCC\Bin'
Build target 'Target 1'
compiling main.c...
utils.h(26): warning:  #1295-D: Deprecated declaration ConfigInterruptPortJ - give arg types
  void ConfigInterruptPortJ();
dcMotor.h(10): warning:  #1-D: last line of file ends without a newline
  #endif
main.c(48): warning:  #1295-D: Deprecated declaration ConfigInterruptPortC - give arg types
  void ConfigInterruptPortC();
main.c(49): warning:  #1295-D: Deprecated declaration ConfigInterruptPortJ - give arg types
  void ConfigInterruptPortJ();
main.c(53): warning:  #1295-D: Deprecated declaration dc_motor_init - give arg types
  void dc_motor_init();
main.c(54): warning:  #1295-D: Deprecated declaration disable_systick - give arg types
  void disable_systick();
main.c(55): warning:  #1295-D: Deprecated declaration enable_systick - give arg types
  void enable_systick();
main.c(131): warning:  #550-D: variable "selected_direction"  was set but never used
  				uint32_t selected_direction = 0;
main.c(123): warning:  #546-D: transfer of control bypasses initialization of:
            variable "selected_direction"  (declared at line 131)
  		switch(current_step){
  		^
main.c(328): warning:  #223-D: function "DisableInterrupts" declared implicitly
  DisableInterrupts();
main.c(333): warning:  #223-D: function "EnableInterrupts" declared implicitly
  EnableInterrupts();
main.c(338): warning:  #223-D: function "DisableInterrupts" declared implicitly
  DisableInterrupts();
main.c(344): warning:  #223-D: function "EnableInterrupts" declared implicitly
  EnableInterrupts();
main.c: 13 warnings, 0 errors
linking...
Program Size: Code=4932 RO-data=76 RW-data=28 ZI-data=1124  
".\Objects\CofreDigitalTiva.axf" - 0 Error(s), 13 Warning(s).

<h2>Software Packages used:</h2>

Package Vendor: Keil
                http://www.keil.com/pack/Keil.TM4C_DFP.1.1.0.pack
                Keil.TM4C_DFP.1.1.0
                Texas Instruments Tiva C Series Device Support and Examples

<h2>Collection of Component include folders:</h2>
  .\RTE\_Target_1
  C:\Keil_v5\ARM\PACK\Keil\TM4C_DFP\1.1.0\Device\Include\TM4C129

<h2>Collection of Component Files used:</h2>
Build Time Elapsed:  00:00:02
</pre>
</body>
</html>
